Error, "/tmp/cs131_testrunner_QI0qMF/file.rc": 
  Type of expression referenced by array subscript (int) is not of array or pointer type.
Error, "/tmp/cs131_testrunner_QI0qMF/file.rc": 
  Type of expression referenced by array subscript (int) is not of array or pointer type.
Error, "/tmp/cs131_testrunner_QI0qMF/file.rc": 
  Incompatible type int to unary dereference operator *, pointer expected.
Compile: failure.
