Error, "/tmp/cs131_testrunner_oNarMF/file.rc": 
  Type of index expression in array reference (float) not equivalent to int.
Compile: failure.
