Error, "/tmp/cs131_testrunner_nJ0qMF/file.rc": 
  Return required in function, none found.
Compile: failure.
