Error, "/tmp/cs131_testrunner_pJ0qMF/file.rc": 
  Initialization value of type float not assignable to constant/variable of type int.
Compile: failure.
