Error, "/tmp/cs131_testrunner_rJ0qMF/file.rc": 
  Initialization value of constant named z not known at compile time.
Compile: failure.
