Error, "/tmp/cs131_testrunner_2e8qMF/file.rc": 
  Identifier x is undeclared in the global scope.
Compile: failure.
