Error, "/tmp/cs131_testrunner_Epa4kN/file.rc": 
  Type of new's operand must be of pointer type, int found.
Error, "/tmp/cs131_testrunner_Epa4kN/file.rc": 
  Type of delete's operand must be of pointer type, int found.
Error, "/tmp/cs131_testrunner_Epa4kN/file.rc": 
  Operand to "new" is not a modifiable L-value.
Error, "/tmp/cs131_testrunner_Epa4kN/file.rc": 
  Operand to "delete" is not a modifiable L-value.
Error, "/tmp/cs131_testrunner_Epa4kN/file.rc": 
  Operand to "new" is not a modifiable L-value.
Error, "/tmp/cs131_testrunner_Epa4kN/file.rc": 
  Operand to "delete" is not a modifiable L-value.
Error, "/tmp/cs131_testrunner_Epa4kN/file.rc": 
  Number of arguments (0) differs from number of parameters (1).
Error, "/tmp/cs131_testrunner_Epa4kN/file.rc": 
  Number of arguments (1) differs from number of parameters (0).
Error, "/tmp/cs131_testrunner_Epa4kN/file.rc": 
  Argument of type bool not assignable to value parameter x, of type float.
Error, "/tmp/cs131_testrunner_Epa4kN/file.rc": 
  Number of arguments (0) differs from number of parameters (1).
Compile: failure.
