Error, "/tmp/cs131_testrunner_OJ0qMF/file.rc": 
  Type of return expression (float), not assignment compatible with function's return type (int).
Compile: failure.
