Error, "/tmp/cs131_testrunner_TQ0qMF/file.rc": 
  Identifier x is undeclared in the global scope.
Compile: failure.
