Error, "/tmp/cs131_testrunner_BNarMF/file.rc": 
  Referenced field y not found in type MY.
Compile: failure.
