Error, "/tmp/cs131_testrunner_RJ0qMF/file.rc": 
  Initialization value of type int not assignable to constant/variable of type int*.
Compile: failure.
