Error, "/tmp/cs131_testrunner_GQ0qMF/file.rc": 
  Field x declared second time in struct.
Error, "/tmp/cs131_testrunner_GQ0qMF/file.rc": 
  Field x declared second time in struct.
Error, "/tmp/cs131_testrunner_GQ0qMF/file.rc": 
  undeclared identifier 'MYS'.
Error, "/tmp/cs131_testrunner_GQ0qMF/file.rc": 
  Field y declared second time in struct.
Error, "/tmp/cs131_testrunner_GQ0qMF/file.rc": 
  Duplicate declaration of overloaded function foo.
Error, "/tmp/cs131_testrunner_GQ0qMF/file.rc": 
  Field bar declared second time in struct.
Error, "/tmp/cs131_testrunner_GQ0qMF/file.rc": 
  Field bar declared second time in struct.
Error, "/tmp/cs131_testrunner_GQ0qMF/file.rc": 
  Field bar declared second time in struct.
Compile: failure.
