Error, "/tmp/cs131_testrunner_0Q0qMF/file.rc": 
  Argument passed to reference parameter i (type int) is not a modifiable L-value.
Compile: failure.
